// Jest Snapshot v1, https://goo.gl/fbAQLP

exports[`App component matches snapshot 1`] = `
<DocumentFragment>
  <div
    class="App"
  >
    <nav>
      Hello Navbar
    </nav>
    <h1>
      hello world
    </h1>
  </div>
</DocumentFragment>
`;
